// Jest Snapshot v1, https://goo.gl/fbAQLP

exports[`checkExtendedConfig basics does not complain when JSONs are equal but formatted differently 1`] = `Array []`;

exports[`checkExtendedConfig basics use case 1 1`] = `
Array [
  Array [
    Object {
      "/eslintrc.json": Object {
        "expected": "{
        \\"extends\\": \\"someFoo\\",
        \\"rules\\": \\"ok\\"
}
",
        "received": "{
        \\"extends\\": \\"someFoo\\"
      }",
      },
      "/package.json": Object {
        "expected": "{
        \\"name\\": \\"Stuff\\",
        \\"foo\\": \\"bar\\"
}
",
        "received": "{
        \\"name\\": \\"Stuff\\"
      }",
      },
    },
  ],
]
`;
